src/controllers/commentController.ts(45,40): error TS2769: No overload matches this call.
  Overload 1 of 4, '(filter?: _QueryFilter<{ _id: ObjectId; $assertPopulated: <Paths = {}>(path: string | string[], values?: Partial<Paths> | undefined) => Omit<IComment, keyof Paths> & Paths; ... 221 more ...; content: string; }> | undefined, projection?: ProjectionType<...> | ... 1 more ... | undefined, options?: (QueryOptions<...> & Abortable) | undefined): Query<...>', gave the following error.
    Argument of type '{ experienceId: string | string[] | undefined; }' is not assignable to parameter of type '_QueryFilter<{ _id: ObjectId; $assertPopulated: <Paths = {}>(path: string | string[], values?: Partial<Paths> | undefined) => Omit<IComment, keyof Paths> & Paths; ... 221 more ...; content: string; }>' with 'exactOptionalPropertyTypes: true'. Consider adding 'undefined' to the types of the target's properties.
      Type '{ experienceId: string | string[] | undefined; }' is not assignable to type '{ _id?: Condition<ApplyBasicQueryCasting<ObjectId>>; $assertPopulated?: Condition<ApplyBasicQueryCasting<(<Paths = {}>(path: string | string[], values?: Partial<Paths> | undefined) => Omit<...> & Paths)>>; ... 221 more ...; content?: Condition<...>; }' with 'exactOptionalPropertyTypes: true'. Consider adding 'undefined' to the types of the target's properties.
        Types of property 'experienceId' are incompatible.
          Type 'string | string[] | undefined' is not assignable to type 'Condition<ApplyBasicQueryCasting<ObjectId>>'.
            Type 'undefined' is not assignable to type 'Condition<ApplyBasicQueryCasting<ObjectId>>'.
  Overload 2 of 4, '(filter?: Query<any, any, {}, unknown, "find", Record<string, never>> | undefined, projection?: ProjectionType<IComment> | null | undefined, options?: (QueryOptions<...> & Abortable) | undefined): Query<...>', gave the following error.
    Object literal may only specify known properties, and 'experienceId' does not exist in type 'Query<any, any, {}, unknown, "find", Record<string, never>>'.
src/controllers/profileController.ts(10,33): error TS2769: No overload matches this call.
  Overload 1 of 4, '(filter?: _QueryFilter<{ _id: ObjectId; $assertPopulated: <Paths = {}>(path: string | string[], values?: Partial<Paths> | undefined) => Omit<IUser, keyof Paths> & Paths; ... 242 more ...; "healthProfile.aiPersonalizationEnabled": boolean | undefined; }> | undefined, projection?: ProjectionType<...> | ... 1 more ... | undefined, options?: (QueryOptions<...> & Abortable) | ... 1 more ... | undefined): Query<...>', gave the following error.
    Argument of type '{ username: string | string[] | undefined; }' is not assignable to parameter of type '_QueryFilter<{ _id: ObjectId; $assertPopulated: <Paths = {}>(path: string | string[], values?: Partial<Paths> | undefined) => Omit<IUser, keyof Paths> & Paths; ... 242 more ...; "healthProfile.aiPersonalizationEnabled": boolean | undefined; }>' with 'exactOptionalPropertyTypes: true'. Consider adding 'undefined' to the types of the target's properties.
      Type '{ username: string | string[] | undefined; }' is not assignable to type '{ _id?: Condition<ApplyBasicQueryCasting<ObjectId>>; $assertPopulated?: Condition<ApplyBasicQueryCasting<(<Paths = {}>(path: string | string[], values?: Partial<Paths> | undefined) => Omit<...> & Paths)>>; ... 242 more ...; "healthProfile.aiPersonalizationEnabled"?: boolean | ... 2 more ... | null; }' with 'exactOptionalPropertyTypes: true'. Consider adding 'undefined' to the types of the target's properties.
        Types of property 'username' are incompatible.
          Type 'string | string[] | undefined' is not assignable to type 'Condition<ApplyBasicQueryCasting<string>>'.
            Type 'undefined' is not assignable to type 'Condition<ApplyBasicQueryCasting<string>>'.
  Overload 2 of 4, '(filter?: Query<any, any, {}, unknown, "find", Record<string, never>> | undefined, projection?: ProjectionType<IUser> | null | undefined, options?: (QueryOptions<...> & Abortable) | ... 1 more ... | undefined): Query<...>', gave the following error.
    Object literal may only specify known properties, and 'username' does not exist in type 'Query<any, any, {}, unknown, "find", Record<string, never>>'.
